E
======================================================================
ERROR: test_core (unittest.loader._FailedTest.test_core)
----------------------------------------------------------------------
ImportError: Failed to import test module: test_core
Traceback (most recent call last):
  File "C:\Users\ttapk\AppData\Local\Programs\Python\Python312\Lib\unittest\loader.py", line 137, in loadTestsFromName
    module = __import__(module_name)
             ^^^^^^^^^^^^^^^^^^^^^^^
ModuleNotFoundError: No module named 'tests.test_core'


----------------------------------------------------------------------
Ran 1 test in 0.001s

FAILED (errors=1)
